******************************************************************************
                  TI ARM Linker PC v20.2.5                     
******************************************************************************
>> Linked Fri Jul 16 18:59:00 2021

OUTPUT FILE NAME:   <empty_MSP_EXP432P401R_tirtos_ccs.out>
ENTRY POINT SYMBOL: "_c_int00"  address: 00002bf1


MEMORY CONFIGURATION

         name            origin    length      used     unused   attr    fill
----------------------  --------  ---------  --------  --------  ----  --------
  MAIN                  00000000   00040000  00004aab  0003b555  R  X
  INFO                  00200000   00004000  00000000  00004000  R  X
  SRAM_CODE             01000000   00010000  00008ec4  0000713c  RW X
  SRAM_DATA             20000000   00010000  00008ec4  0000713c  RW  


SEGMENT ALLOCATION MAP

run origin  load origin   length   init length attrs members
----------  ----------- ---------- ----------- ----- -------
00000000    00000000    00004ab8   00004ab8    r-x
  00000000    00000000    0000003c   0000003c    r-- .resetVecs
  00000040    00000040    00004442   00004442    r-x .text
  00004484    00004484    000003fd   000003fd    r-- .const
  00004888    00004888    00000230   00000230    r-- .cinit
20000140    20000140    00008000   00000000    r--
  20000140    20000140    00008000   00000000    r-- .priheap
20008140    20008140    00000988   00000000    rw-
  20008140    20008140    00000604   00000000    rw- .data
  20008748    20008748    00000380   00000000    rw- .bss
2000fc00    2000fc00    00000400   00000000    rw-
  2000fc00    2000fc00    00000400   00000000    rw- .stack


SECTION ALLOCATION MAP

 output                                  attributes/
section   page    origin      length       input sections
--------  ----  ----------  ----------   ----------------
.text      0    00000040    00004442     
                  00000040    000002f8     drivers_msp432p401x.aem4f : PowerMSP432.oem4f (.text:Power_sleep)
                  00000338    0000028a     msp432p4xx_driverlib.lib : pcm.o (.text:__PCM_setPowerStateAdvanced)
                  000005c2    00000002     ti_drivers_config.obj (.text:Board_initHook)
                  000005c4    00000288     drivers_msp432p401x.aem4f : PowerMSP432.oem4f (.text:initPerfControl)
                  0000084c    00000170                               : GPIOMSP432.oem4f (.text:GPIO_setConfig)
                  000009bc    0000015c     msp432p4xx_driverlib.lib : pcm.o (.text:__PCM_setPowerModeAdvanced)
                  00000b18    00000130     sysbios.aem4f : BIOS.obj (.text:ti_sysbios_knl_Semaphore_pend__E)
                  00000c48    00000108     msp432p4xx_driverlib.lib : pcm.o (.text:__PCM_setCoreVoltageLevelAdvanced)
                  00000d50    00000108     sysbios.aem4f : BIOS.obj (.text:ti_sysbios_knl_Task_postInit__I)
                  00000e58    00000108                   : BIOS.obj (.text:xdc_runtime_Startup_startMods__I)
                  00000f60    00000104                   : BIOS.obj (.text:ti_sysbios_knl_Task_Instance_finalize__E)
                  00001064    00000004     msp432p4xx_driverlib.lib : cpu.o (.text:CPU_wfi)
                  00001068    000000f8     sysbios.aem4f : BIOS.obj (.text:ti_sysbios_family_arm_msp432_init_Boot_configureClocksHigh)
                  00001160    000000f0                   : BIOS.obj (.text:pthread_create)
                  00001250    000000f0                   : m3_Hwi_asm.obj (.text:ti_sysbios_family_arm_m3_Hwi_dispatch__I)
                  00001340    000000e4     msp432p4xx_driverlib.lib : cs.o (.text:CS_startHFXTWithTimeout)
                  00001424    000000e0                              : cs.o (.text:CS_startLFXTWithTimeout)
                  00001504    00000004     dpl_msp432p401x.aem4f : HwiP_tirtos.oem4f (.text:HwiP_disable)
                  00001508    000000e0     sysbios.aem4f : BIOS.obj (.text:ti_sysbios_knl_Task_Instance_init__E)
                  000015e8    000000dc     msp432p4xx_driverlib.lib : cs.o (.text:_CSGetHFXTFrequency)
                  000016c4    00000004     dpl_msp432p401x.aem4f : SemaphoreP_tirtos.oem4f (.text:SemaphoreP_post)
                  000016c8    000000d0     sysbios.aem4f : BIOS.obj (.text:ti_sysbios_heaps_HeapMem_alloc__E)
                  00001798    000000c4                   : BIOS.obj (.text:ti_sysbios_knl_Task_sleep__E)
                  0000185c    00000004     release_pem4f.oem4f (.text:ti_sysbios_BIOS_RtsGateProxy_enter__E)
                  00001860    000000b8     sysbios.aem4f : BIOS.obj (.text:ti_sysbios_family_arm_m3_Hwi_Instance_init__E)
                  00001918    000000ac     drivers_msp432p401x.aem4f : GPIOMSP432.oem4f (.text:GPIO_init)
                  000019c4    00000004     release_pem4f.oem4f (.text:ti_sysbios_BIOS_RtsGateProxy_leave__E)
                  000019c8    000000aa     sysbios.aem4f : BIOS.obj (.text:xdc_runtime_Core_createObject__I)
                  00001a72    00000004     release_pem4f.oem4f (.text:ti_sysbios_family_arm_m3_TaskSupport_Module__startupDone__S)
                  00001a76    00000002     dpl_msp432p401x.aem4f : PowerMSP432_tirtos.oem4f (.text:PowerMSP432_initPolicy)
                  00001a78    000000a8     sysbios.aem4f : BIOS.obj (.text:ti_sysbios_family_arm_msp432_Timer_periodicStub__E)
                  00001b20    000000a4                   : BIOS.obj (.text:ti_sysbios_knl_Task_setPri__E)
                  00001bc4    000000a0     auto_init.aem4f : auto_init.oem4f (.text)
                  00001c64    0000009c     drivers_msp432p401x.aem4f : PowerMSP432.oem4f (.text:Power_init)
                  00001d00    0000009c     rtsv7M4_T_le_v4SPD16_eabi.lib : memcpy_t2.asm.obj (.text)
                  00001d9c    00000096                                   : ull_div_t2.asm.obj (.text)
                  00001e32    00000004     release_pem4f.oem4f (.text:ti_sysbios_heaps_HeapMem_Module_GateProxy_enter__E)
                  00001e36    00000002     rtsv7M4_T_le_v4SPD16_eabi.lib : _lock.c.obj (.text:_nop)
                  00001e38    00000094     sysbios.aem4f : BIOS.obj (.text:_pthread_removeThreadKeys)
                  00001ecc    00000004     release_pem4f.oem4f (.text:ti_sysbios_heaps_HeapMem_Module_GateProxy_leave__E)
                  00001ed0    00000094     sysbios.aem4f : BIOS.obj (.text:ti_sysbios_family_arm_m3_Hwi_initNVIC__E)
                  00001f64    00000004     release_pem4f.oem4f (.text:ti_sysbios_knl_Clock_TimerProxy_getMaxTicks__E)
                  00001f68    00000094     sysbios.aem4f : BIOS.obj (.text:ti_sysbios_knl_Task_exit__E)
                  00001ffc    00000004     release_pem4f.oem4f (.text:ti_sysbios_knl_Semaphore_delete)
                  00002000    00000090     sysbios.aem4f : BIOS.obj (.text:ti_sysbios_knl_Task_Module_startup__E)
                  00002090    0000008c                   : m3_TaskSupport_asm.obj (.text:ti_sysbios_family_arm_m3_TaskSupport_buildTaskStack)
                  0000211c    00000004     release_pem4f.oem4f (.text:ti_sysbios_knl_Task_delete)
                  00002120    0000008c     sysbios.aem4f : BIOS.obj (.text:xdc_runtime_Memory_alloc__E)
                  000021ac    00000004     release_pem4f.oem4f (.text:xdc_runtime_System_Module_GateProxy_enter__E)
                  000021b0    00000086     sysbios.aem4f : BIOS.obj (.text:xdc_runtime_Core_constructObject__I)
                  00002236    00000002     rtsv7M4_T_le_v4SPD16_eabi.lib : div0.asm.obj (.text)
                  00002238    00000084     msp432p4xx_driverlib.lib : pcm.o (.text:PCM_gotoLPM3)
                  000022bc    00000084     drivers_msp432p401x.aem4f : PowerMSP432.oem4f (.text:restartHFXT)
                  00002340    00000084     sysbios.aem4f : BIOS.obj (.text:ti_sysbios_family_arm_m3_Hwi_postInit__I)
                  000023c4    00000004     release_pem4f.oem4f (.text:xdc_runtime_System_Module_GateProxy_leave__E)
                  000023c8    00000084     sysbios.aem4f : BIOS.obj (.text:ti_sysbios_heaps_HeapMem_free__E)
                  0000244c    00000002     release_pem4f.oem4f (.text:ti_sysbios_BIOS_nullFunc__I)
                  0000244e    00000002     --HOLE-- [fill = 0]
                  00002450    00000080     sysbios.aem4f : BIOS.obj (.text:ti_sysbios_knl_Clock_workFunc__E)
                  000024d0    0000007a     rtsv7M4_T_le_v4SPD16_eabi.lib : memset_t2.asm.obj (.text)
                  0000254a    00000006     --HOLE-- [fill = 0]
                  00002550    00000070     sysbios.aem4f : BIOS.obj (.text:ti_sysbios_heaps_HeapMem_initPrimary__I)
                  000025c0    0000006c                   : BIOS.obj (.text:ti_sysbios_knl_Swi_restoreHwi__E)
                  0000262c    00000068     drivers_msp432p401x.aem4f : GPIOMSP432.oem4f (.text:GPIO_hwiIntFxn)
                  00002694    00000068     rtsv7M4_T_le_v4SPD16_eabi.lib : copy_decompress_lzss.c.obj (.text:decompress:lzss:__TI_decompress_lzss)
                  000026fc    00000004     --HOLE-- [fill = 0]
                  00002700    00000066     sysbios.aem4f : BIOS.obj (.text:xdc_runtime_Core_deleteObject__I)
                  00002766    00000002     --HOLE-- [fill = 0]
                  00002768    00000064     main_tirtos.obj (.text:main)
                  000027cc    00000004     --HOLE-- [fill = 0]
                  000027d0    00000064     sysbios.aem4f : BIOS.obj (.text:pthread_exit)
                  00002834    00000004     --HOLE-- [fill = 0]
                  00002838    00000064                   : BIOS.obj (.text:ti_sysbios_family_arm_m3_Hwi_dispatchC__I)
                  0000289c    00000060     drivers_msp432p401x.aem4f : GPIOMSP432.oem4f (.text:GPIO_setCallback)
                  000028fc    00000004     --HOLE-- [fill = 0]
                  00002900    00000060     sysbios.aem4f : BIOS.obj (.text:ti_sysbios_knl_Semaphore_post__E)
                  00002960    00000060                   : BIOS.obj (.text:ti_sysbios_knl_Swi_run__I)
                  000029c0    0000005e     msp432p4xx_driverlib.lib : pcm.o (.text:PCM_getCoreVoltageLevel)
                  00002a1e    00000002     --HOLE-- [fill = 0]
                  00002a20    0000005c     sysbios.aem4f : BIOS.obj (.text:ti_sysbios_knl_Swi_schedule__I)
                  00002a7c    00000004     --HOLE-- [fill = 0]
                  00002a80    0000005c                   : BIOS.obj (.text:ti_sysbios_knl_Task_startCore__E)
                  00002adc    00000004     --HOLE-- [fill = 0]
                  00002ae0    0000005c                   : BIOS.obj (.text:xdc_runtime_Startup_exec__E)
                  00002b3c    0000005a     msp432p4xx_driverlib.lib : pcm.o (.text:PCM_getPowerMode)
                  00002b96    00000002     --HOLE-- [fill = 0]
                  00002b98    00000058     drivers_msp432p401x.aem4f : GPIOMSP432.oem4f (.text:GPIO_write)
                  00002bf0    00000058     boot.aem4f : boot.oem4f (.text)
                  00002c48    00000058     sysbios.aem4f : m3_Hwi_asm_switch.obj (.text:ti_sysbios_family_arm_m3_Hwi_initStacks__E)
                  00002ca0    00000054     msp432p4xx_driverlib.lib : pcm.o (.text:PCM_shutdownDevice)
                  00002cf4    00000054     release_pem4f.oem4f (.text:ti_sysbios_family_arm_m3_Hwi_create)
                  00002d48    00000054     sysbios.aem4f : BIOS.obj (.text:ti_sysbios_family_arm_msp432_Timer_initDevice__I)
                  00002d9c    00000004     --HOLE-- [fill = 0]
                  00002da0    00000050                   : BIOS.obj (.text:ti_sysbios_family_arm_m3_Hwi_Module_startup__E)
                  00002df0    00000050     release_pem4f.oem4f (.text:ti_sysbios_knl_Task_create)
                  00002e40    0000004c     dpl_msp432p401x.aem4f : PowerMSP432_tirtos.oem4f (.text:PowerMSP432_sleepPolicy)
                  00002e8c    0000004c     rtsv7M4_T_le_v4SPD16_eabi.lib : cpy_tbl.c.obj (.text:copy_in)
                  00002ed8    0000004c     sysbios.aem4f : BIOS.obj (.text:ti_sysbios_family_arm_msp432_Timer_postInit__I)
                  00002f24    00000004     --HOLE-- [fill = 0]
                  00002f28    0000004c                   : BIOS.obj (.text:ti_sysbios_family_arm_msp432_Timer_start__E)
                  00002f74    00000004     --HOLE-- [fill = 0]
                  00002f78    0000004c                   : BIOS.obj (.text:ti_sysbios_heaps_HeapMem_getStats__E)
                  00002fc4    00000004     --HOLE-- [fill = 0]
                  00002fc8    0000004c                   : BIOS.obj (.text:ti_sysbios_knl_Swi_runLoop__I)
                  00003014    00000004     --HOLE-- [fill = 0]
                  00003018    0000004c                   : BIOS.obj (.text:ti_sysbios_knl_Task_allBlockedFunction__I)
                  00003064    00000004     --HOLE-- [fill = 0]
                  00003068    0000004c                   : BIOS.obj (.text:ti_sysbios_knl_Task_schedule__I)
                  000030b4    00000004     --HOLE-- [fill = 0]
                  000030b8    00000048                   : BIOS.obj (.text:ti_sysbios_family_arm_m3_Hwi_disableInterrupt__E)
                  00003100    00000048                   : BIOS.obj (.text:ti_sysbios_family_arm_m3_Hwi_enableInterrupt__E)
                  00003148    00000048                   : BIOS.obj (.text:ti_sysbios_knl_Mailbox_Module_startup__E)
                  00003190    00000048                   : BIOS.obj (.text:xdc_runtime_Core_assignParams__I)
                  000031d8    00000044                   : BIOS.obj (.text:ti_sysbios_family_arm_m3_Hwi_getStackInfo__E)
                  0000321c    00000004     --HOLE-- [fill = 0]
                  00003220    00000044                   : BIOS.obj (.text:ti_sysbios_knl_Swi_post__E)
                  00003264    00000040     dpl_msp432p401x.aem4f : HwiP_tirtos.oem4f (.text:HwiP_create)
                  000032a4    00000004     --HOLE-- [fill = 0]
                  000032a8    00000040     sysbios.aem4f : BIOS.obj (.text:ti_sysbios_family_arm_msp432_Timer_Module_startup__E)
                  000032e8    00000040                   : BIOS.obj (.text:ti_sysbios_family_arm_msp432_Timer_startup__E)
                  00003328    00000040                   : BIOS.obj (.text:ti_sysbios_heaps_HeapMem_Instance_init__E)
                  00003368    0000003c                   : BIOS.obj (.text:sleep)
                  000033a4    00000004     --HOLE-- [fill = 0]
                  000033a8    0000003c                   : BIOS.obj (.text:ti_sysbios_family_arm_m3_Hwi_Instance_finalize__E)
                  000033e4    00000004     --HOLE-- [fill = 0]
                  000033e8    0000003c                   : BIOS.obj (.text:ti_sysbios_family_arm_msp432_Seconds_Module_startup__E)
                  00003424    00000004     --HOLE-- [fill = 0]
                  00003428    0000003c                   : BIOS.obj (.text:ti_sysbios_knl_Swi_restore__E)
                  00003464    00000038     drivers_msp432p401x.aem4f : GPIOMSP432.oem4f (.text:GPIO_toggle)
                  0000349c    00000038                               : PowerMSP432.oem4f (.text:notify)
                  000034d4    00000004     --HOLE-- [fill = 0]
                  000034d8    00000038     sysbios.aem4f : BIOS.obj (.text:xdc_runtime_System_atexit__E)
                  00003510    00000034     release_pem4f.oem4f (.text:ti_sysbios_knl_Semaphore_create)
                  00003544    00000004     --HOLE-- [fill = 0]
                  00003548    00000032     sysbios.aem4f : BIOS.obj (.text:ti_sysbios_hal_Hwi_initStack)
                  0000357a    00000002     --HOLE-- [fill = 0]
                  0000357c    00000030     release_pem4f.oem4f (.text:ti_sysbios_BIOS_atExitFunc__I)
                  000035ac    00000030     release_pem4f.oem4f (.text:ti_sysbios_BIOS_startFunc__I)
                  000035dc    00000004     --HOLE-- [fill = 0]
                  000035e0    00000030     sysbios.aem4f : BIOS.obj (.text:ti_sysbios_family_arm_m3_TaskSupport_start__E)
                  00003610    00000030     release_pem4f.oem4f (.text:ti_sysbios_gates_GateHwi_Object__create__S)
                  00003640    00000030     release_pem4f.oem4f (.text:ti_sysbios_gates_GateMutex_Object__create__S)
                  00003670    00000030     sysbios.aem4f : BIOS.obj (.text:ti_sysbios_gates_GateMutex_enter__E)
                  000036a0    00000030     release_pem4f.oem4f (.text:ti_sysbios_heaps_HeapMem_Object__create__S)
                  000036d0    00000030     sysbios.aem4f : BIOS.obj (.text:ti_sysbios_knl_Mailbox_postInit__I)
                  00003700    00000030     release_pem4f.oem4f (.text:ti_sysbios_knl_Semaphore_construct)
                  00003730    00000030     sysbios.aem4f : BIOS.obj (.text:ti_sysbios_knl_Semaphore_pendTimeout__I)
                  00003760    00000030                   : BIOS.obj (.text:ti_sysbios_knl_Task_processVitalTaskFlag__I)
                  00003790    00000030                   : BIOS.obj (.text:ti_sysbios_knl_Task_restore__E)
                  000037c0    00000030                   : BIOS.obj (.text:ti_sysbios_knl_Task_unblockI__E)
                  000037f0    00000030                   : BIOS.obj (.text:xdc_runtime_System_processAtExit__E)
                  00003820    0000002e                   : BIOS.obj (.text:pthread_setcancelstate)
                  0000384e    0000002c     dpl_msp432p401x.aem4f : PowerMSP432_tirtos.oem4f (.text:PowerMSP432_updateFreqs)
                  0000387a    00000002     --HOLE-- [fill = 0]
                  0000387c    0000002c     msp432p4xx_driverlib.lib : rtc_c.o (.text:RTC_C_holdClock)
                  000038a8    0000002c     dpl_msp432p401x.aem4f : SemaphoreP_tirtos.oem4f (.text:SemaphoreP_createBinary)
                  000038d4    00000004     --HOLE-- [fill = 0]
                  000038d8    0000002c     sysbios.aem4f : BIOS.obj (.text:_pthread_cleanupFxn)
                  00003904    00000004     --HOLE-- [fill = 0]
                  00003908    0000002c                   : BIOS.obj (.text:_pthread_delete$43)
                  00003934    0000002c     release_pem4f.oem4f (.text:ti_sysbios_gates_GateHwi_Handle__label__S)
                  00003960    0000002c     release_pem4f.oem4f (.text:ti_sysbios_gates_GateMutex_Handle__label__S)
                  0000398c    0000002c     release_pem4f.oem4f (.text:ti_sysbios_heaps_HeapMem_Handle__label__S)
                  000039b8    0000002c     release_pem4f.oem4f (.text:ti_sysbios_knl_Clock_doTick__I)
                  000039e4    0000002c     release_pem4f.oem4f (.text:ti_sysbios_knl_Queue_construct)
                  00003a10    0000002a     empty.obj (.text:mainThread)
                  00003a3a    00000002     --HOLE-- [fill = 0]
                  00003a3c    00000028     msp432p4xx_driverlib.lib : pcm.o (.text:PCM_gotoLPM0)
                  00003a64    00000028     drivers_msp432p401x.aem4f : PowerMSP432.oem4f (.text:disableFaultCounter)
                  00003a8c    00000028                               : PowerMSP432.oem4f (.text:disableHFXT)
                  00003ab4    00000028     sysbios.aem4f : m3_Hwi_asm.obj (.text:ti_sysbios_family_arm_m3_Hwi_excHandlerAsm__I)
                  00003adc    00000004     --HOLE-- [fill = 0]
                  00003ae0    00000028                   : BIOS.obj (.text:ti_sysbios_knl_Clock_addI__E)
                  00003b08    00000028                   : BIOS.obj (.text:ti_sysbios_knl_Swi_Module_startup__E)
                  00003b30    00000026                   : m3_Hwi_asm.obj (.text:ti_sysbios_family_arm_m3_Hwi_pendSV__I)
                  00003b56    00000002     --HOLE-- [fill = 0]
                  00003b58    00000024     msp432p4xx_driverlib.lib : wdt_a.o (.text:WDT_A_holdTimer)
                  00003b7c    00000004     --HOLE-- [fill = 0]
                  00003b80    00000024     sysbios.aem4f : BIOS.obj (.text:pthread_attr_init)
                  00003ba4    00000024     release_pem4f.oem4f (.text:ti_sysbios_BIOS_registerRTSLock__I)
                  00003bc8    00000024     release_pem4f.oem4f (.text:ti_sysbios_BIOS_removeRTSLock__I)
                  00003bec    00000004     --HOLE-- [fill = 0]
                  00003bf0    00000024     sysbios.aem4f : BIOS.obj (.text:ti_sysbios_family_arm_msp432_ClockFreqs_setFrequency__E)
                  00003c14    00000024     release_pem4f.oem4f (.text:ti_sysbios_gates_GateMutex_Object__delete__S)
                  00003c38    00000024     sysbios.aem4f : BIOS.obj (.text:ti_sysbios_knl_Clock_Module_startup__E)
                  00003c5c    00000004     --HOLE-- [fill = 0]
                  00003c60    00000024                   : BIOS.obj (.text:ti_sysbios_knl_Semaphore_Instance_init__E)
                  00003c84    00000024     release_pem4f.oem4f (.text:ti_sysbios_knl_Semaphore_Object__delete__S)
                  00003ca8    00000024     sysbios.aem4f : BIOS.obj (.text:ti_sysbios_knl_Task_restoreHwi__E)
                  00003ccc    00000004     --HOLE-- [fill = 0]
                  00003cd0    00000024                   : BIOS.obj (.text:xdc_runtime_Error_policyMin__E)
                  00003cf4    00000020     msp432p4xx_driverlib.lib : cs.o (.text:CS_setExternalClockSourceFrequency)
                  00003d14    00000020     release_pem4f.oem4f (.text:ti_sysbios_BIOS_rtsLock__I)
                  00003d34    00000020     release_pem4f.oem4f (.text:ti_sysbios_gates_GateHwi_Object__delete__S)
                  00003d54    00000020     release_pem4f.oem4f (.text:ti_sysbios_heaps_HeapMem_Object__delete__S)
                  00003d74    00000004     --HOLE-- [fill = 0]
                  00003d78    00000020     sysbios.aem4f : BIOS.obj (.text:ti_sysbios_knl_Idle_run__E)
                  00003d98    00000020     release_pem4f.oem4f (.text:ti_sysbios_knl_Semaphore_destruct)
                  00003db8    00000020     release_pem4f.oem4f (.text:ti_sysbios_knl_Task_Object__delete__S)
                  00003dd8    0000001e     sysbios.aem4f : m3_Hwi_asm_switch.obj (.text:ti_sysbios_family_xxx_Hwi_switchAndRunFunc)
                  00003df6    0000001c     rtsv7M4_T_le_v4SPD16_eabi.lib : copy_zero_init.c.obj (.text:decompress:ZI:__TI_zero_init_nomemset:__TI_zero_init_nomemset)
                  00003e12    00000006     --HOLE-- [fill = 0]
                  00003e18    0000001c     sysbios.aem4f : BIOS.obj (.text:ti_sysbios_family_arm_m3_Hwi_excHandler__I)
                  00003e34    00000004     --HOLE-- [fill = 0]
                  00003e38    0000001c                   : BIOS.obj (.text:ti_sysbios_gates_GateMutex_Instance_init__E)
                  00003e54    0000001c     release_pem4f.oem4f (.text:ti_sysbios_knl_Queue_destruct)
                  00003e70    0000001c     sysbios.aem4f : BIOS.obj (.text:ti_sysbios_knl_Queue_put__E)
                  00003e8c    00000004     --HOLE-- [fill = 0]
                  00003e90    0000001c                   : BIOS.obj (.text:ti_sysbios_knl_Task_enter__I)
                  00003eac    00000004     --HOLE-- [fill = 0]
                  00003eb0    0000001c                   : BIOS.obj (.text:xdc_runtime_Memory_valloc__E)
                  00003ecc    00000004     --HOLE-- [fill = 0]
                  00003ed0    0000001c                   : BIOS.obj (.text:xdc_runtime_System_abort__E)
                  00003eec    00000018     release_pem4f.oem4f (.text:.bootCodeSection:ti_sysbios_family_arm_msp432_init_Boot_init__I)
                  00003f04    00000018     msp432p4xx_driverlib.lib : sysctl_a.o (.text:SysCtl_A_disableNMISource)
                  00003f1c    00000018                              : sysctl_a.o (.text:SysCtl_A_enableNMISource)
                  00003f34    00000018     rtsv7M4_T_le_v4SPD16_eabi.lib : args_main.c.obj (.text:_args_main)
                  00003f4c    00000018     release_pem4f.oem4f (.text:ti_sysbios_BIOS_rtsUnlock__I)
                  00003f64    00000018     release_pem4f.oem4f (.text:ti_sysbios_family_arm_m3_Hwi_Module__startupDone__F)
                  00003f7c    00000018     sysbios.aem4f : m3_TaskSupport_asm.obj (.text:ti_sysbios_family_arm_m3_TaskSupport_swap__E)
                  00003f94    00000018     release_pem4f.oem4f (.text:ti_sysbios_family_arm_msp432_Timer_Module__startupDone__F)
                  00003fac    00000004     --HOLE-- [fill = 0]
                  00003fb0    00000018     sysbios.aem4f : BIOS.obj (.text:ti_sysbios_gates_GateMutex_leave__E)
                  00003fc8    00000018                   : BIOS.obj (.text:ti_sysbios_knl_Task_sleepTimeout__I)
                  00003fe0    00000018                   : BIOS.obj (.text:xdc_runtime_Error_init__E)
                  00003ff8    00000018                   : BIOS.obj (.text:xdc_runtime_System_exit__E)
                  00004010    00000016     release_pem4f.oem4f (.text:ti_sysbios_BIOS_exitFunc__I)
                  00004026    00000002     --HOLE-- [fill = 0]
                  00004028    00000016     sysbios.aem4f : BIOS.obj (.text:ti_sysbios_knl_Task_unblock__E)
                  0000403e    00000002     --HOLE-- [fill = 0]
                  00004040    00000014     msp432p4xx_driverlib.lib : pcm.o (.text:PCM_getPowerState)
                  00004054    00000014     drivers_msp432p401x.aem4f : PowerMSP432.oem4f (.text:Power_idleFunc)
                  00004068    00000014     sysbios.aem4f : BIOS.obj (.text:pthread_attr_setschedparam)
                  0000407c    00000014     release_pem4f.oem4f (.text:ti_sysbios_family_arm_m3_Hwi_Object__get__S)
                  00004090    00000014     sysbios.aem4f : BIOS.obj (.text:ti_sysbios_family_arm_m3_Hwi_switchFromBootStack__E)
                  000040a4    00000014     release_pem4f.oem4f (.text:ti_sysbios_heaps_HeapMem_Object__get__S)
                  000040b8    00000014     release_pem4f.oem4f (.text:ti_sysbios_knl_Swi_Object__get__S)
                  000040cc    00000012     dpl_msp432p401x.aem4f : SemaphoreP_tirtos.oem4f (.text:SemaphoreP_pend)
                  000040de    00000002     --HOLE-- [fill = 0]
                  000040e0    00000012     sysbios.aem4f : BIOS.obj (.text:_pthread_cleanup_pop)
                  000040f2    00000006     --HOLE-- [fill = 0]
                  000040f8    00000012                   : BIOS.obj (.text:_pthread_runStub$43)
                  0000410a    00000006     --HOLE-- [fill = 0]
                  00004110    00000012                   : BIOS.obj (.text:ti_sysbios_hal_Hwi_Module_startup__E)
                  00004122    00000012     release_pem4f.oem4f (.text:xdc_runtime_Startup_exec__I)
                  00004134    00000010     dpl_msp432p401x.aem4f : HwiP_tirtos.oem4f (.text:HwiP_Params_init)
                  00004144    00000010     msp432p4xx_driverlib.lib : pcm.o (.text:PCM_gotoLPM4)
                  00004154    00000010                              : pcm.o (.text:PCM_setPowerMode)
                  00004164    00000010                              : pcm.o (.text:PCM_setPowerState)
                  00004174    00000010                              : sysctl_a.o (.text:SysCtl_A_getNMISourceStatus)
                  00004184    00000010                              : sysctl.o (.text:SysCtl_getNMISourceStatus)
                  00004194    00000004     --HOLE-- [fill = 0]
                  00004198    00000010     sysbios.aem4f : BIOS.obj (.text:ti_sysbios_BIOS_exit__E)
                  000041a8    00000010                   : BIOS.obj (.text:ti_sysbios_BIOS_setCpuFreq__E)
                  000041b8    00000010                   : BIOS.obj (.text:ti_sysbios_BIOS_setThreadType__E)
                  000041c8    00000010                   : BIOS.obj (.text:ti_sysbios_BIOS_start__E)
                  000041d8    00000010                   : m3_TaskSupport_asm.obj (.text:ti_sysbios_family_arm_m3_TaskSupport_glue)
                  000041e8    00000010                   : BIOS.obj (.text:ti_sysbios_family_arm_msp432_init_Boot_disableWatchdog)
                  000041f8    00000010                   : BIOS.obj (.text:ti_sysbios_gates_GateMutex_Instance_finalize__E)
                  00004208    00000010     release_pem4f.oem4f (.text:ti_sysbios_knl_Mailbox_Object__get__S)
                  00004218    00000010     sysbios.aem4f : BIOS.obj (.text:ti_sysbios_knl_Semaphore_Instance_finalize__E)
                  00004228    00000010                   : BIOS.obj (.text:ti_sysbios_knl_Swi_disable__E)
                  00004238    00000010     release_pem4f.oem4f (.text:ti_sysbios_knl_Task_Object__get__S)
                  00004248    00000010     sysbios.aem4f : BIOS.obj (.text:ti_sysbios_knl_Task_disable__E)
                  00004258    00000010                   : BIOS.obj (.text:xdc_runtime_Gate_leaveSystem__E)
                  00004268    00000010                   : BIOS.obj (.text:xdc_runtime_Memory_free__E)
                  00004278    00000010                   : BIOS.obj (.text:xdc_runtime_SysCallback_abort__E)
                  00004288    00000010                   : BIOS.obj (.text:xdc_runtime_SysCallback_exit__E)
                  00004298    0000000e     rtsv7M4_T_le_v4SPD16_eabi.lib : copy_decompress_none.c.obj (.text:decompress:none:__TI_decompress_none)
                  000042a6    00000002     --HOLE-- [fill = 0]
                  000042a8    0000000e     sysbios.aem4f : BIOS.obj (.text:pthread_attr_setdetachstate)
                  000042b6    00000002     --HOLE-- [fill = 0]
                  000042b8    0000000e                   : BIOS.obj (.text:ti_sysbios_knl_Idle_loop__E)
                  000042c6    00000002     --HOLE-- [fill = 0]
                  000042c8    0000000e                   : BIOS.obj (.text:ti_sysbios_knl_Queue_empty__E)
                  000042d6    0000000c     ti_drivers_config.obj (.text:Board_init)
                  000042e2    0000000c     msp432p4xx_driverlib.lib : cpu.o (.text:CPU_cpsid)
                  000042ee    0000000c                              : cpu.o (.text:CPU_cpsie)
                  000042fa    00000002     --HOLE-- [fill = 0]
                  000042fc    0000000c     drivers_msp432p401x.aem4f : PowerMSP432.oem4f (.text:Power_getConstraintMask)
                  00004308    0000000c     dpl_msp432p401x.aem4f : SemaphoreP_tirtos.oem4f (.text:SemaphoreP_delete)
                  00004314    0000000c     rtsv7M4_T_le_v4SPD16_eabi.lib : _lock.c.obj (.text:_register_lock)
                  00004320    0000000c                                   : _lock.c.obj (.text:_register_unlock)
                  0000432c    00000004     --HOLE-- [fill = 0]
                  00004330    0000000c     sysbios.aem4f : BIOS.obj (.text:pthread_self)
                  0000433c    0000000c     release_pem4f.oem4f (.text:ti_sysbios_family_arm_m3_Hwi_Params__init__S)
                  00004348    0000000c     sysbios.aem4f : BIOS.obj (.text:ti_sysbios_family_arm_m3_Hwi_disableFxn__E)
                  00004354    00000004     --HOLE-- [fill = 0]
                  00004358    0000000c                   : BIOS.obj (.text:ti_sysbios_family_arm_m3_TaskSupport_getStackAlignment__E)
                  00004364    00000004     --HOLE-- [fill = 0]
                  00004368    0000000c                   : BIOS.obj (.text:ti_sysbios_family_arm_msp432_Timer_getMaxTicks__E)
                  00004374    00000004     --HOLE-- [fill = 0]
                  00004378    0000000c                   : BIOS.obj (.text:ti_sysbios_gates_GateHwi_enter__E)
                  00004384    0000000c     release_pem4f.oem4f (.text:ti_sysbios_knl_Queue_Object__get__S)
                  00004390    0000000c     release_pem4f.oem4f (.text:ti_sysbios_knl_Semaphore_Params__init__S)
                  0000439c    0000000c     release_pem4f.oem4f (.text:ti_sysbios_knl_Task_Params__init__S)
                  000043a8    0000000c     sysbios.aem4f : BIOS.obj (.text:ti_sysbios_rts_ti_ReentSupport_taskRegHook__I)
                  000043b4    00000004     --HOLE-- [fill = 0]
                  000043b8    0000000c                   : BIOS.obj (.text:xdc_runtime_Gate_enterSystem__E)
                  000043c4    00000004     --HOLE-- [fill = 0]
                  000043c8    0000000c                   : BIOS.obj (.text:xdc_runtime_Startup_rtsDone__E)
                  000043d4    0000000a     release_pem4f.oem4f (.text:xdc_runtime_IHeap_alloc)
                  000043de    0000000a     release_pem4f.oem4f (.text:xdc_runtime_IHeap_free)
                  000043e8    00000008     sysbios.aem4f : BIOS.obj (.text:pthread_attr_setstacksize)
                  000043f0    00000008                   : BIOS.obj (.text:ti_sysbios_family_arm_m3_Hwi_doSwiRestore__I)
                  000043f8    00000008                   : BIOS.obj (.text:ti_sysbios_family_arm_m3_Hwi_startup__E)
                  00004400    00000006                   : BIOS.obj (.text:ti_sysbios_family_arm_m3_Hwi_doTaskRestore__I)
                  00004406    00000002     --HOLE-- [fill = 0]
                  00004408    00000006                   : BIOS.obj (.text:ti_sysbios_family_arm_m3_Hwi_restoreFxn__E)
                  0000440e    00000002     --HOLE-- [fill = 0]
                  00004410    00000006                   : BIOS.obj (.text:ti_sysbios_gates_GateHwi_leave__E)
                  00004416    00000002     --HOLE-- [fill = 0]
                  00004418    00000006                   : BIOS.obj (.text:ti_sysbios_heaps_HeapMem_isBlocking__E)
                  0000441e    00000002     --HOLE-- [fill = 0]
                  00004420    00000006                   : BIOS.obj (.text:ti_sysbios_knl_Queue_Instance_init__E)
                  00004426    00000002     --HOLE-- [fill = 0]
                  00004428    00000006                   : BIOS.obj (.text:ti_sysbios_knl_Swi_startup__E)
                  0000442e    00000002     --HOLE-- [fill = 0]
                  00004430    00000006                   : BIOS.obj (.text:xdc_runtime_System_Module_startup__E)
                  00004436    00000002     --HOLE-- [fill = 0]
                  00004438    00000004                   : BIOS.obj (.text:ti_sysbios_gates_GateHwi_query__E)
                  0000443c    00000004     --HOLE-- [fill = 0]
                  00004440    00000004                   : BIOS.obj (.text:ti_sysbios_gates_GateMutex_query__E)
                  00004444    00000004     --HOLE-- [fill = 0]
                  00004448    00000004                   : BIOS.obj (.text:ti_sysbios_knl_Task_startup__E)
                  0000444c    00000004     --HOLE-- [fill = 0]
                  00004450    00000002                   : BIOS.obj (.text:ti_sysbios_BIOS_linkedWithIncorrectBootLibrary__E)
                  00004452    00000006     --HOLE-- [fill = 0]
                  00004458    00000002                   : BIOS.obj (.text:ti_sysbios_gates_GateHwi_Instance_init__E)
                  0000445a    00000006     --HOLE-- [fill = 0]
                  00004460    00000002                   : BIOS.obj (.text:ti_sysbios_knl_Clock_logTick__E)
                  00004462    00000006     --HOLE-- [fill = 0]
                  00004468    00000002                   : BIOS.obj (.text:xdc_runtime_SysCallback_defaultAbort)
                  0000446a    00000006     --HOLE-- [fill = 0]
                  00004470    00000002                   : BIOS.obj (.text:xdc_runtime_SysCallback_defaultExit)
                  00004472    00000006     --HOLE-- [fill = 0]
                  00004478    00000002                   : BIOS.obj (.text:xdc_runtime_System_abortSpin__E)
                  0000447a    00000006     --HOLE-- [fill = 0]
                  00004480    00000002                   : BIOS.obj (.text:xdc_runtime_System_exitSpin__E)

.const     0    00004484    000003fd     
                  00004484    0000003c     release_pem4f.oem4f (.const:ti_sysbios_knl_Task_Object__PARAMS__C)
                  000044c0    00000038     ti_drivers_config.obj (.const:PowerMSP432_config)
                  000044f8    00000030     release_pem4f.oem4f (.const:ti_sysbios_family_arm_m3_Hwi_Object__PARAMS__C)
                  00004528    00000028     release_pem4f.oem4f (.const:ti_sysbios_heaps_HeapMem_Module__FXNS__C)
                  00004550    00000024     release_pem4f.oem4f (.const:ti_sysbios_gates_GateHwi_Module__FXNS__C)
                  00004574    00000024     release_pem4f.oem4f (.const:ti_sysbios_gates_GateMutex_Module__FXNS__C)
                  00004598    00000024     release_pem4f.oem4f (.const:ti_sysbios_heaps_HeapMem_Object__PARAMS__C)
                  000045bc    00000024     release_pem4f.oem4f (.const:ti_sysbios_knl_Semaphore_Object__PARAMS__C)
                  000045e0    00000024     release_pem4f.oem4f (.const:xdc_runtime_Startup_sfxnTab__A)
                  00004604    00000020     release_pem4f.oem4f (.const:ti_sysbios_family_arm_m3_Hwi_Object__DESC__C)
                  00004624    00000020     release_pem4f.oem4f (.const:ti_sysbios_gates_GateHwi_Object__DESC__C)
                  00004644    00000020     release_pem4f.oem4f (.const:ti_sysbios_gates_GateMutex_Object__DESC__C)
                  00004664    00000020     release_pem4f.oem4f (.const:ti_sysbios_heaps_HeapMem_Object__DESC__C)
                  00004684    00000020     release_pem4f.oem4f (.const:ti_sysbios_knl_Queue_Object__DESC__C)
                  000046a4    00000020     release_pem4f.oem4f (.const:ti_sysbios_knl_Semaphore_Object__DESC__C)
                  000046c4    00000020     release_pem4f.oem4f (.const:ti_sysbios_knl_Task_Object__DESC__C)
                  000046e4    00000018     release_pem4f.oem4f (.const:ti_sysbios_gates_GateHwi_Object__PARAMS__C)
                  000046fc    00000018     release_pem4f.oem4f (.const:ti_sysbios_gates_GateMutex_Object__PARAMS__C)
                  00004714    00000018     release_pem4f.oem4f (.const:ti_sysbios_knl_Queue_Object__PARAMS__C)
                  0000472c    00000018     release_pem4f.oem4f (.const:ti_sysbios_knl_Task_hooks__A)
                  00004744    00000014     ti_drivers_config.obj (.const:GPIOMSP432_config)
                  00004758    00000012     release_pem4f.oem4f (.const:xdc_runtime_Startup_sfxnRts__A)
                  0000476a    00000002     release_pem4f.oem4f (.const:ti_sysbios_family_arm_m3_Hwi_Module__id__C)
                  0000476c    0000000c     release_pem4f.oem4f (.const:xdc_runtime_Startup_firstFxns__A)
                  00004778    00000008     release_pem4f.oem4f (.const:ti_sysbios_knl_Idle_funcList__A)
                  00004780    00000008     release_pem4f.oem4f (.const:ti_sysbios_knl_Idle_funcList__C)
                  00004788    00000008     release_pem4f.oem4f (.const:ti_sysbios_knl_Task_hooks__C)
                  00004790    00000008     release_pem4f.oem4f (.const:xdc_runtime_Startup_firstFxns__C)
                  00004798    00000008     release_pem4f.oem4f (.const:xdc_runtime_Startup_lastFxns__C)
                  000047a0    00000006     drivers_msp432p401x.aem4f : GPIOMSP432.oem4f (.const:.string:interruptType)
                  000047a6    00000006                               : GPIOMSP432.oem4f (.const:.string:portInterruptIds)
                  000047ac    00000004     release_pem4f.oem4f (.const:ti_sysbios_family_arm_m3_Hwi_E_alreadyDefined__C)
                  000047b0    00000004     release_pem4f.oem4f (.const:ti_sysbios_family_arm_m3_Hwi_E_badIntNum__C)
                  000047b4    00000004     release_pem4f.oem4f (.const:ti_sysbios_family_arm_m3_Hwi_NUM_INTERRUPTS__C)
                  000047b8    00000004     release_pem4f.oem4f (.const:ti_sysbios_family_arm_m3_Hwi_Object__count__C)
                  000047bc    00000004     release_pem4f.oem4f (.const:ti_sysbios_family_arm_m3_Hwi_ccr__C)
                  000047c0    00000004     release_pem4f.oem4f (.const:ti_sysbios_family_arm_m3_Hwi_excHandlerFunc__C)
                  000047c4    00000004     release_pem4f.oem4f (.const:ti_sysbios_family_arm_m3_Hwi_nullIsrFunc__C)
                  000047c8    00000004     release_pem4f.oem4f (.const:ti_sysbios_family_arm_m3_Hwi_priGroup__C)
                  000047cc    00000004     release_pem4f.oem4f (.const:ti_sysbios_family_arm_m3_Hwi_swiDisable__C)
                  000047d0    00000004     release_pem4f.oem4f (.const:ti_sysbios_family_arm_m3_Hwi_swiRestore__C)
                  000047d4    00000004     release_pem4f.oem4f (.const:ti_sysbios_family_arm_m3_TaskSupport_stackAlignment__C)
                  000047d8    00000004     release_pem4f.oem4f (.const:ti_sysbios_family_arm_msp432_Timer_numTimerDevices__C)
                  000047dc    00000004     release_pem4f.oem4f (.const:ti_sysbios_family_arm_msp432_Timer_startupNeeded__C)
                  000047e0    00000004     release_pem4f.oem4f (.const:ti_sysbios_gates_GateMutex_Instance_State_sem__O)
                  000047e4    00000004     release_pem4f.oem4f (.const:ti_sysbios_heaps_HeapMem_E_memory__C)
                  000047e8    00000004     release_pem4f.oem4f (.const:ti_sysbios_heaps_HeapMem_Module__gateObj__C)
                  000047ec    00000004     release_pem4f.oem4f (.const:ti_sysbios_heaps_HeapMem_Object__count__C)
                  000047f0    00000004     release_pem4f.oem4f (.const:ti_sysbios_heaps_HeapMem_primaryHeapBaseAddr__C)
                  000047f4    00000004     release_pem4f.oem4f (.const:ti_sysbios_heaps_HeapMem_primaryHeapEndAddr__C)
                  000047f8    00000004     release_pem4f.oem4f (.const:ti_sysbios_heaps_HeapMem_reqAlign__C)
                  000047fc    00000004     release_pem4f.oem4f (.const:ti_sysbios_knl_Clock_Module_State_clockQ__O)
                  00004800    00000004     release_pem4f.oem4f (.const:ti_sysbios_knl_Clock_tickPeriod__C)
                  00004804    00000004     release_pem4f.oem4f (.const:ti_sysbios_knl_Mailbox_Instance_State_freeQue__O)
                  00004808    00000004     release_pem4f.oem4f (.const:ti_sysbios_knl_Mailbox_Object__count__C)
                  0000480c    00000004     release_pem4f.oem4f (.const:ti_sysbios_knl_Mailbox_maxTypeAlign__C)
                  00004810    00000004     release_pem4f.oem4f (.const:ti_sysbios_knl_Semaphore_Instance_State_pendQ__O)
                  00004814    00000004     release_pem4f.oem4f (.const:ti_sysbios_knl_Swi_Object__count__C)
                  00004818    00000004     release_pem4f.oem4f (.const:ti_sysbios_knl_Task_Module_State_inactiveQ__O)
                  0000481c    00000004     release_pem4f.oem4f (.const:ti_sysbios_knl_Task_Object__count__C)
                  00004820    00000004     release_pem4f.oem4f (.const:ti_sysbios_knl_Task_Object__heap__C)
                  00004824    00000004     release_pem4f.oem4f (.const:ti_sysbios_knl_Task_allBlockedFunc__C)
                  00004828    00000004     release_pem4f.oem4f (.const:ti_sysbios_knl_Task_defaultStackHeap__C)
                  0000482c    00000004     release_pem4f.oem4f (.const:ti_sysbios_knl_Task_defaultStackSize__C)
                  00004830    00000004     release_pem4f.oem4f (.const:ti_sysbios_knl_Task_numConstructedTasks__C)
                  00004834    00000004     release_pem4f.oem4f (.const:xdc_runtime_Error_E_memory__C)
                  00004838    00000004     release_pem4f.oem4f (.const:xdc_runtime_Error_policyFxn__C)
                  0000483c    00000004     release_pem4f.oem4f (.const:xdc_runtime_IGateProvider_Interface__BASE__C)
                  00004840    00000004     release_pem4f.oem4f (.const:xdc_runtime_IHeap_Interface__BASE__C)
                  00004844    00000004     release_pem4f.oem4f (.const:xdc_runtime_IModule_Interface__BASE__C)
                  00004848    00000004     release_pem4f.oem4f (.const:xdc_runtime_Memory_defaultHeapInstance__C)
                  0000484c    00000004     release_pem4f.oem4f (.const:xdc_runtime_Startup_execImpl__C)
                  00004850    00000004     release_pem4f.oem4f (.const:xdc_runtime_Startup_maxPasses__C)
                  00004854    00000004     release_pem4f.oem4f (.const:xdc_runtime_Startup_sfxnRts__C)
                  00004858    00000004     release_pem4f.oem4f (.const:xdc_runtime_Startup_sfxnTab__C)
                  0000485c    00000004     release_pem4f.oem4f (.const:xdc_runtime_SysCallback_abortFxn__C)
                  00004860    00000004     release_pem4f.oem4f (.const:xdc_runtime_SysCallback_exitFxn__C)
                  00004864    00000004     release_pem4f.oem4f (.const:xdc_runtime_System_Module__gateObj__C)
                  00004868    00000004     release_pem4f.oem4f (.const:xdc_runtime_System_abortFxn__C)
                  0000486c    00000004     release_pem4f.oem4f (.const:xdc_runtime_System_exitFxn__C)
                  00004870    00000004     release_pem4f.oem4f (.const:xdc_runtime_System_maxAtexitHandlers__C)
                  00004874    00000002     release_pem4f.oem4f (.const:ti_sysbios_family_arm_msp432_init_Boot_bypassHFXT__C)
                  00004876    00000002     release_pem4f.oem4f (.const:ti_sysbios_family_arm_msp432_init_Boot_bypassLFXT__C)
                  00004878    00000002     release_pem4f.oem4f (.const:ti_sysbios_family_arm_msp432_init_Boot_enableHFXT__C)
                  0000487a    00000002     release_pem4f.oem4f (.const:ti_sysbios_family_arm_msp432_init_Boot_enableLFXT__C)
                  0000487c    00000002     release_pem4f.oem4f (.const:ti_sysbios_heaps_HeapMem_Module__id__C)
                  0000487e    00000002     release_pem4f.oem4f (.const:xdc_runtime_Memory_Module__id__C)
                  00004880    00000001     release_pem4f.oem4f (.const:xdc_runtime_Error_policy__C)

.cinit     0    00004888    00000230     
                  00004888    0000020b     (.cinit..data.load) [load image, compression = lzss]
                  00004a93    00000001     --HOLE-- [fill = 0]
                  00004a94    0000000c     (__TI_handler_table)
                  00004aa0    00000008     (.cinit..bss.load) [load image, compression = zero_init]
                  00004aa8    00000010     (__TI_cinit_table)

.init_array 
*          0    00000000    00000000     UNINITIALIZED

.data      0    20008140    00000604     UNINITIALIZED
                  20008140    00000140     drivers_msp432p401x.aem4f : PowerMSP432.oem4f (.data:PowerMSP432_perfLevels)
                  20008280    00000088     sysbios.aem4f : BIOS.obj (.data:$O1$$)
                  20008308    00000080     release_pem4f.oem4f (.data:ti_sysbios_knl_Swi_Module_State_0_readyQ__A)
                  20008388    00000080     release_pem4f.oem4f (.data:ti_sysbios_knl_Task_Module_State_0_readyQ__A)
                  20008408    00000054     release_pem4f.oem4f (.data:ti_sysbios_gates_GateMutex_Object__table__V)
                  2000845c    0000004c     release_pem4f.oem4f (.data:ti_sysbios_knl_Task_Object__table__V)
                  200084a8    00000044     release_pem4f.oem4f (.data:ti_sysbios_family_arm_msp432_Timer_Object__table__V)
                  200084ec    00000044     release_pem4f.oem4f (.data:ti_sysbios_knl_Task_Module__state__V)
                  20008530    00000034     release_pem4f.oem4f (.data:ti_sysbios_family_arm_m3_Hwi_Module__state__V)
                  20008564    00000030     release_pem4f.oem4f (.data:ti_sysbios_knl_Swi_Object__table__V)
                  20008594    0000002c     drivers_msp432p401x.aem4f : PowerMSP432.oem4f (.data:PowerMSP432_module)
                  200085c0    0000002c     release_pem4f.oem4f (.data:ti_sysbios_knl_Clock_Module__state__V)
                  200085ec    00000024     release_pem4f.oem4f (.data:ti_sysbios_BIOS_Module__state__V)
                  20008610    00000020     release_pem4f.oem4f (.data:ti_sysbios_family_arm_msp432_Timer_Module_State_0_device__A)
                  20008630    00000020     release_pem4f.oem4f (.data:xdc_runtime_Error_IgnoreBlock)
                  20008650    0000001c     release_pem4f.oem4f (.data:ti_sysbios_knl_Swi_Module__state__V)
                  2000866c    00000018     release_pem4f.oem4f (.data:ti_sysbios_family_arm_m3_Hwi_Object__table__V)
                  20008684    00000018     release_pem4f.oem4f (.data:ti_sysbios_heaps_HeapMem_Object__table__V)
                  2000869c    00000010     release_pem4f.oem4f (.data:ti_sysbios_family_arm_msp432_Timer_Module_State_0_handles__A)
                  200086ac    0000000c     release_pem4f.oem4f (.data:ti_sysbios_family_arm_msp432_ClockFreqs_Module__state__V)
                  200086b8    0000000c     release_pem4f.oem4f (.data:ti_sysbios_family_arm_msp432_Timer_Module__state__V)
                  200086c4    00000008     rtsv7M4_T_le_v4SPD16_eabi.lib : _lock.c.obj (.data:$O1$$)
                  200086cc    00000008     release_pem4f.oem4f (.data:ti_sysbios_family_arm_m3_Hwi_Module__root__V)
                  200086d4    00000008     release_pem4f.oem4f (.data:ti_sysbios_gates_GateHwi_Module__root__V)
                  200086dc    00000008     release_pem4f.oem4f (.data:ti_sysbios_gates_GateMutex_Module__root__V)
                  200086e4    00000008     release_pem4f.oem4f (.data:ti_sysbios_heaps_HeapMem_Module__root__V)
                  200086ec    00000008     release_pem4f.oem4f (.data:ti_sysbios_knl_Queue_Module__root__V)
                  200086f4    00000008     release_pem4f.oem4f (.data:ti_sysbios_knl_Semaphore_Module__root__V)
                  200086fc    00000008     release_pem4f.oem4f (.data:ti_sysbios_knl_Task_Module__root__V)
                  20008704    00000008     release_pem4f.oem4f (.data:xdc_runtime_Startup_Module__state__V)
                  2000870c    00000008     release_pem4f.oem4f (.data:xdc_runtime_System_Module_State_0_atexitHandlers__A)
                  20008714    00000008     release_pem4f.oem4f (.data:xdc_runtime_System_Module__state__V)
                  2000871c    00000004     ti_drivers_config.obj (.data:gpioCallbackFunctions)
                  20008720    00000004     ti_drivers_config.obj (.data:gpioPinConfigs)
                  20008724    00000004     rtsv7M4_T_le_v4SPD16_eabi.lib : stkdepth_vars.c.obj (.data)
                  20008728    00000004     release_pem4f.oem4f (.data:ti_sysbios_family_arm_m3_Hwi_Module_State_0_excContext__A)
                  2000872c    00000004     release_pem4f.oem4f (.data:ti_sysbios_family_arm_m3_Hwi_Module_State_0_excStack__A)
                  20008730    00000004     release_pem4f.oem4f (.data:ti_sysbios_gates_GateHwi_Object__table__V)
                  20008734    00000004     release_pem4f.oem4f (.data:ti_sysbios_knl_Task_Module_State_0_idleTask__A)
                  20008738    00000004     release_pem4f.oem4f (.data:ti_sysbios_rts_ti_ReentSupport_Module__state__V)
                  2000873c    00000004     release_pem4f.oem4f (.data:xdc_runtime_Memory_Module__state__V)
                  20008740    00000002     drivers_msp432p401x.aem4f : GPIOMSP432.oem4f (.data)
                  20008742    00000002     release_pem4f.oem4f (.data:ti_sysbios_family_arm_m3_Hwi_Module_State_0_excActive__A)

.bss       0    20008748    00000380     UNINITIALIZED
                  20008748    00000200     release_pem4f.oem4f (.bss:taskStackSection)
                  20008948    00000140     (.common:ti_sysbios_family_arm_m3_Hwi_dispatchTable)
                  20008a88    00000030     drivers_msp432p401x.aem4f : GPIOMSP432.oem4f (.bss:gpioCallbackInfo)
                  20008ab8    00000008     msp432p4xx_driverlib.lib : cs.o (.bss)
                  20008ac0    00000004     drivers_msp432p401x.aem4f : GPIOMSP432.oem4f (.bss)
                  20008ac4    00000004     (.common:ti_sysbios_knl_Task_Instance_State_0_hookEnv__A)

.priheap   0    20000140    00008000     UNINITIALIZED
                  20000140    00008000     --HOLE--

.stack     0    2000fc00    00000400     UNINITIALIZED
                  2000fc00    00000400     --HOLE--

.bootVecs 
*          0    00000000    00000008     DSECT
                  00000000    00000008     boot.aem4f : boot.oem4f (.bootVecs)

.resetVecs 
*          0    00000000    0000003c     
                  00000000    0000003c     release_pem4f.oem4f (.resetVecs)

.vecs      0    20000000    00000140     NOLOAD SECTION
                  20000000    00000140     release_pem4f.oem4f (.vecs)

xdc.meta   0    00000000    000000f0     COPY SECTION
                  00000000    000000f0     release_pem4f.oem4f (xdc.meta)

xdc.noload 
*          0    00000000    00000000     COPY SECTION

__llvm_prf_cnts 
*          0    20000000    00000000     UNINITIALIZED

.binit     0    00000000    00000000     

MODULE SUMMARY

       Module                       code    ro data   rw data
       ------                       ----    -------   -------
    .\
       main_tirtos.obj              100     0         0      
       empty.obj                    42      0         0      
    +--+----------------------------+-------+---------+---------+
       Total:                       142     0         0      
                                                             
    .\syscfg\
       ti_drivers_config.obj        14      76        16     
    +--+----------------------------+-------+---------+---------+
       Total:                       14      76        16     
                                                             
    D:\Code\MCU\TI\tirtos_builds_MSP_EXP432P401R_release_ccs\Debug\configPkg\package\cfg\
       release_pem4f.oem4f          1394    993       4348   
    +--+----------------------------+-------+---------+---------+
       Total:                       1394    993       4348   
                                                             
    D:/Software/Work/CCS/simplelink_msp432p4_sdk_3_40_01_02/kernel/tirtos/packages/ti/dpl/lib/dpl_msp432p401x.aem4f
       PowerMSP432_tirtos.oem4f     122     0         0      
       HwiP_tirtos.oem4f            84      0         0      
       SemaphoreP_tirtos.oem4f      78      0         0      
    +--+----------------------------+-------+---------+---------+
       Total:                       284     0         0      
                                                             
    D:/Software/Work/CCS/simplelink_msp432p4_sdk_3_40_01_02/source/ti/devices/msp432p4xx/driverlib/ccs/msp432p4xx_driverlib.lib
       pcm.o                        1770    0         0      
       cs.o                         704     0         16     
       sysctl_a.o                   64      0         0      
       rtc_c.o                      44      0         0      
       wdt_a.o                      36      0         0      
       cpu.o                        28      0         0      
       sysctl.o                     16      0         0      
    +--+----------------------------+-------+---------+---------+
       Total:                       2662    0         16     
                                                             
    D:/Software/Work/CCS/simplelink_msp432p4_sdk_3_40_01_02/source/ti/drivers/lib/drivers_msp432p401x.aem4f
       PowerMSP432.oem4f            1864    0         728    
       GPIOMSP432.oem4f             884     12        108    
    +--+----------------------------+-------+---------+---------+
       Total:                       2748    12        836    
                                                             
    D:\Code\MCU\TI\tirtos_builds_MSP_EXP432P401R_release_ccs\src\sysbios\sysbios.aem4f
       BIOS.obj                     8384    0         272    
       m3_Hwi_asm.obj               318     0         0      
       m3_TaskSupport_asm.obj       180     0         0      
       m3_Hwi_asm_switch.obj        118     0         0      
    +--+----------------------------+-------+---------+---------+
       Total:                       9000    0         272    
                                                             
    D:\Software\Work\CCS\ccs\tools\compiler\ti-cgt-arm_20.2.5.LTS\lib\rtsv7M4_T_le_v4SPD16_eabi.lib
       memcpy_t2.asm.obj            156     0         0      
       ull_div_t2.asm.obj           150     0         0      
       memset_t2.asm.obj            122     0         0      
       copy_decompress_lzss.c.obj   104     0         0      
       cpy_tbl.c.obj                76      0         0      
       _lock.c.obj                  26      0         16     
       copy_zero_init.c.obj         28      0         0      
       args_main.c.obj              24      0         0      
       copy_decompress_none.c.obj   14      0         0      
       stkdepth_vars.c.obj          0       0         8      
       div0.asm.obj                 2       0         0      
    +--+----------------------------+-------+---------+---------+
       Total:                       702     0         24     
                                                             
    D:\Software\Work\CCS\simplelink_msp432p4_sdk_3_40_01_02\kernel\tirtos\packages\ti\targets\arm\rtsarm\lib\auto_init.aem4f
       auto_init.oem4f              160     0         0      
    +--+----------------------------+-------+---------+---------+
       Total:                       160     0         0      
                                                             
    D:\Software\Work\CCS\simplelink_msp432p4_sdk_3_40_01_02\kernel\tirtos\packages\ti\targets\arm\rtsarm\lib\boot.aem4f
       boot.oem4f                   88      0         0      
    +--+----------------------------+-------+---------+---------+
       Total:                       88      0         0      
                                                             
       Stack:                       0       0         2048   
       Linker Generated:            0       559       0      
    +--+----------------------------+-------+---------+---------+
       Grand Total:                 17194   1640      7560   


LINKER GENERATED COPY TABLES

__TI_cinit_table @ 00004aa8 records: 2, size/record: 8, table size: 16
	.data: load addr=00004888, load size=0000020b bytes, run addr=20008140, run size=00000604 bytes, compression=lzss
	.bss: load addr=00004aa0, load size=00000008 bytes, run addr=20008748, run size=00000380 bytes, compression=zero_init


LINKER GENERATED HANDLER TABLE

__TI_handler_table @ 00004a94 records: 3, size/record: 4, table size: 12
	index: 0, handler: __TI_decompress_lzss
	index: 1, handler: __TI_decompress_none
	index: 2, handler: __TI_zero_init


GLOBAL SYMBOLS: SORTED ALPHABETICALLY BY Name 

address   name                                                            
-------   ----                                                            
000042d7  Board_init                                                      
000005c3  Board_initHook                                                  
000042e3  CPU_cpsid                                                       
000042ef  CPU_cpsie                                                       
00001065  CPU_wfi                                                         
00003cf5  CS_setExternalClockSourceFrequency                              
00001341  CS_startHFXTWithTimeout                                         
00001425  CS_startLFXTWithTimeout                                         
00004744  GPIOMSP432_config                                               
0000262d  GPIO_hwiIntFxn                                                  
00001919  GPIO_init                                                       
0000289d  GPIO_setCallback                                                
0000084d  GPIO_setConfig                                                  
00003465  GPIO_toggle                                                     
00002b99  GPIO_write                                                      
00008000  HEAPSIZE                                                        
00004135  HwiP_Params_init                                                
00003265  HwiP_create                                                     
00001505  HwiP_disable                                                    
00004409  HwiP_restore                                                    
000029c1  PCM_getCoreVoltageLevel                                         
00002b3d  PCM_getPowerMode                                                
00004041  PCM_getPowerState                                               
00003a3d  PCM_gotoLPM0                                                    
00002239  PCM_gotoLPM3                                                    
00004145  PCM_gotoLPM4                                                    
00004155  PCM_setPowerMode                                                
00004165  PCM_setPowerState                                               
00002ca1  PCM_shutdownDevice                                              
000044c0  PowerMSP432_config                                              
00001a77  PowerMSP432_initPolicy                                          
20008594  PowerMSP432_module                                              
20008140  PowerMSP432_perfLevels                                          
00002e41  PowerMSP432_sleepPolicy                                         
0000384f  PowerMSP432_updateFreqs                                         
000042fd  Power_getConstraintMask                                         
00004055  Power_idleFunc                                                  
00001c65  Power_init                                                      
00000041  Power_sleep                                                     
0000387d  RTC_C_holdClock                                                 
UNDEFED   SHT$$INIT_ARRAY$$Base                                           
UNDEFED   SHT$$INIT_ARRAY$$Limit                                          
000038a9  SemaphoreP_createBinary                                         
00004309  SemaphoreP_delete                                               
000040cd  SemaphoreP_pend                                                 
000016c5  SemaphoreP_post                                                 
00003f05  SysCtl_A_disableNMISource                                       
00003f1d  SysCtl_A_enableNMISource                                        
00004175  SysCtl_A_getNMISourceStatus                                     
00004185  SysCtl_getNMISourceStatus                                       
4000480c  WDTCTL_SYM                                                      
00003b59  WDT_A_holdTimer                                                 
00000000  __ASM__                                                         
00000071  __ISA__                                                         
00000084  __PLAT__                                                        
20010000  __STACK_END                                                     
00000400  __STACK_SIZE                                                    
000000a7  __TARG__                                                        
00004aa8  __TI_CINIT_Base                                                 
00004ab8  __TI_CINIT_Limit                                                
00004a94  __TI_Handler_Table_Base                                         
00004aa0  __TI_Handler_Table_Limit                                        
00001bc5  __TI_auto_init                                                  
00002695  __TI_decompress_lzss                                            
00004299  __TI_decompress_none                                            
ffffffff  __TI_pprof_out_hndl                                             
ffffffff  __TI_prof_data_size                                             
ffffffff  __TI_prof_data_start                                            
00004888  __TI_static_base__                                              
00003df7  __TI_zero_init_nomemset                                         
000000cd  __TRDR__                                                        
00002237  __aeabi_idiv0                                                   
00002237  __aeabi_ldiv0                                                   
000024d1  __aeabi_memclr                                                  
000024d1  __aeabi_memclr4                                                 
000024d1  __aeabi_memclr8                                                 
00001d01  __aeabi_memcpy                                                  
00001d01  __aeabi_memcpy4                                                 
00001d01  __aeabi_memcpy8                                                 
000024d3  __aeabi_memset                                                  
000024d3  __aeabi_memset4                                                 
000024d3  __aeabi_memset8                                                 
00001d9d  __aeabi_uldivmod                                                
ffffffff  __binit__                                                       
ffffffff  __c_args__                                                      
20008140  __primary_heap_end__                                            
20000140  __primary_heap_start__                                          
2000fc00  __stack                                                         
20000000  __start___llvm_prf_cnts                                         
20000000  __stop___llvm_prf_cnts                                          
00003f35  _args_main                                                      
00002bf1  _c_int00                                                        
200086c4  _lock                                                           
00001e37  _nop                                                            
000038d9  _pthread_cleanupFxn                                             
000040e1  _pthread_cleanup_pop                                            
00001e39  _pthread_removeThreadKeys                                       
00004315  _register_lock                                                  
00004321  _register_unlock                                                
200086c8  _unlock                                                         
ffffffff  binit                                                           
00002e8d  copy_in                                                         
2000871c  gpioCallbackFunctions                                           
20008720  gpioPinConfigs                                                  
00002769  main                                                            
00003a11  mainThread                                                      
20008724  main_func_sp                                                    
00001d01  memcpy                                                          
000024d9  memset                                                          
00003b81  pthread_attr_init                                               
000042a9  pthread_attr_setdetachstate                                     
00004069  pthread_attr_setschedparam                                      
000043e9  pthread_attr_setstacksize                                       
00001161  pthread_create                                                  
000027d1  pthread_exit                                                    
00004331  pthread_self                                                    
00003821  pthread_setcancelstate                                          
00003369  sleep                                                           
200085ec  ti_sysbios_BIOS_Module__state__V                                
00003961  ti_sysbios_BIOS_RtsGateProxy_Handle__label__S                   
0000185d  ti_sysbios_BIOS_RtsGateProxy_enter__E                           
000019c5  ti_sysbios_BIOS_RtsGateProxy_leave__E                           
00004441  ti_sysbios_BIOS_RtsGateProxy_query__E                           
0000357d  ti_sysbios_BIOS_atExitFunc__I                                   
00004011  ti_sysbios_BIOS_exitFunc__I                                     
00004199  ti_sysbios_BIOS_exit__E                                         
00004451  ti_sysbios_BIOS_linkedWithIncorrectBootLibrary__E               
0000244d  ti_sysbios_BIOS_nullFunc__I                                     
00003ba5  ti_sysbios_BIOS_registerRTSLock__I                              
00003bc9  ti_sysbios_BIOS_removeRTSLock__I                                
00003d15  ti_sysbios_BIOS_rtsLock__I                                      
00003f4d  ti_sysbios_BIOS_rtsUnlock__I                                    
000041a9  ti_sysbios_BIOS_setCpuFreq__E                                   
000041b9  ti_sysbios_BIOS_setThreadType__E                                
000035ad  ti_sysbios_BIOS_startFunc__I                                    
000041c9  ti_sysbios_BIOS_start__E                                        
000047ac  ti_sysbios_family_arm_m3_Hwi_E_alreadyDefined__C                
000047b0  ti_sysbios_family_arm_m3_Hwi_E_badIntNum__C                     
000033a9  ti_sysbios_family_arm_m3_Hwi_Instance_finalize__E               
00001861  ti_sysbios_family_arm_m3_Hwi_Instance_init__E                   
20008742  ti_sysbios_family_arm_m3_Hwi_Module_State_0_excActive__A        
20008728  ti_sysbios_family_arm_m3_Hwi_Module_State_0_excContext__A       
2000872c  ti_sysbios_family_arm_m3_Hwi_Module_State_0_excStack__A         
0000476a  ti_sysbios_family_arm_m3_Hwi_Module__id__C                      
200086cc  ti_sysbios_family_arm_m3_Hwi_Module__root__V                    
00003f65  ti_sysbios_family_arm_m3_Hwi_Module__startupDone__F             
00003f65  ti_sysbios_family_arm_m3_Hwi_Module__startupDone__S             
20008530  ti_sysbios_family_arm_m3_Hwi_Module__state__V                   
00002da1  ti_sysbios_family_arm_m3_Hwi_Module_startup__E                  
000047b4  ti_sysbios_family_arm_m3_Hwi_NUM_INTERRUPTS__C                  
00004604  ti_sysbios_family_arm_m3_Hwi_Object__DESC__C                    
000044f8  ti_sysbios_family_arm_m3_Hwi_Object__PARAMS__C                  
000047b8  ti_sysbios_family_arm_m3_Hwi_Object__count__C                   
0000407d  ti_sysbios_family_arm_m3_Hwi_Object__get__S                     
2000866c  ti_sysbios_family_arm_m3_Hwi_Object__table__V                   
0000433d  ti_sysbios_family_arm_m3_Hwi_Params__init__S                    
000047bc  ti_sysbios_family_arm_m3_Hwi_ccr__C                             
00002cf5  ti_sysbios_family_arm_m3_Hwi_create                             
00004349  ti_sysbios_family_arm_m3_Hwi_disableFxn__E                      
000030b9  ti_sysbios_family_arm_m3_Hwi_disableInterrupt__E                
00002839  ti_sysbios_family_arm_m3_Hwi_dispatchC__I                       
20008948  ti_sysbios_family_arm_m3_Hwi_dispatchTable                      
00001251  ti_sysbios_family_arm_m3_Hwi_dispatch__I                        
000043f1  ti_sysbios_family_arm_m3_Hwi_doSwiRestore__I                    
00004401  ti_sysbios_family_arm_m3_Hwi_doTaskRestore__I                   
00003101  ti_sysbios_family_arm_m3_Hwi_enableInterrupt__E                 
00003ab5  ti_sysbios_family_arm_m3_Hwi_excHandlerAsm__I                   
000047c0  ti_sysbios_family_arm_m3_Hwi_excHandlerFunc__C                  
00003e19  ti_sysbios_family_arm_m3_Hwi_excHandler__I                      
000031d9  ti_sysbios_family_arm_m3_Hwi_getStackInfo__E                    
00001ed1  ti_sysbios_family_arm_m3_Hwi_initNVIC__E                        
00002c49  ti_sysbios_family_arm_m3_Hwi_initStacks__E                      
00001325  ti_sysbios_family_arm_m3_Hwi_interruptsAreDisabledButShouldNotBe
000047c4  ti_sysbios_family_arm_m3_Hwi_nullIsrFunc__C                     
e000e000  ti_sysbios_family_arm_m3_Hwi_nvic                               
00003b31  ti_sysbios_family_arm_m3_Hwi_pendSV__I                          
00002341  ti_sysbios_family_arm_m3_Hwi_postInit__I                        
000047c8  ti_sysbios_family_arm_m3_Hwi_priGroup__C                        
20000000  ti_sysbios_family_arm_m3_Hwi_ramVectors                         
00000000  ti_sysbios_family_arm_m3_Hwi_resetVectors                       
00004409  ti_sysbios_family_arm_m3_Hwi_restoreFxn__E                      
00003b55  ti_sysbios_family_arm_m3_Hwi_return                             
000043f9  ti_sysbios_family_arm_m3_Hwi_startup__E                         
000047cc  ti_sysbios_family_arm_m3_Hwi_swiDisable__C                      
000047d0  ti_sysbios_family_arm_m3_Hwi_swiRestore__C                      
00004091  ti_sysbios_family_arm_m3_Hwi_switchFromBootStack__E             
00001a73  ti_sysbios_family_arm_m3_TaskSupport_Module__startupDone__S     
00002091  ti_sysbios_family_arm_m3_TaskSupport_buildTaskStack             
00004359  ti_sysbios_family_arm_m3_TaskSupport_getStackAlignment__E       
000041d9  ti_sysbios_family_arm_m3_TaskSupport_glue                       
000047d4  ti_sysbios_family_arm_m3_TaskSupport_stackAlignment__C          
000035e1  ti_sysbios_family_arm_m3_TaskSupport_start__E                   
00003f7d  ti_sysbios_family_arm_m3_TaskSupport_swap__E                    
200086ac  ti_sysbios_family_arm_msp432_ClockFreqs_Module__state__V        
00003bf1  ti_sysbios_family_arm_msp432_ClockFreqs_setFrequency__E         
000033e9  ti_sysbios_family_arm_msp432_Seconds_Module_startup__E          
20008610  ti_sysbios_family_arm_msp432_Timer_Module_State_0_device__A     
2000869c  ti_sysbios_family_arm_msp432_Timer_Module_State_0_handles__A    
00003f95  ti_sysbios_family_arm_msp432_Timer_Module__startupDone__F       
00003f95  ti_sysbios_family_arm_msp432_Timer_Module__startupDone__S       
200086b8  ti_sysbios_family_arm_msp432_Timer_Module__state__V             
000032a9  ti_sysbios_family_arm_msp432_Timer_Module_startup__E            
200084a8  ti_sysbios_family_arm_msp432_Timer_Object__table__V             
00004369  ti_sysbios_family_arm_msp432_Timer_getMaxTicks__E               
00002d49  ti_sysbios_family_arm_msp432_Timer_initDevice__I                
000047d8  ti_sysbios_family_arm_msp432_Timer_numTimerDevices__C           
00001a79  ti_sysbios_family_arm_msp432_Timer_periodicStub__E              
00002ed9  ti_sysbios_family_arm_msp432_Timer_postInit__I                  
00002f29  ti_sysbios_family_arm_msp432_Timer_start__E                     
000047dc  ti_sysbios_family_arm_msp432_Timer_startupNeeded__C             
000032e9  ti_sysbios_family_arm_msp432_Timer_startup__E                   
00004874  ti_sysbios_family_arm_msp432_init_Boot_bypassHFXT__C            
00004876  ti_sysbios_family_arm_msp432_init_Boot_bypassLFXT__C            
00001069  ti_sysbios_family_arm_msp432_init_Boot_configureClocksHigh      
000041e9  ti_sysbios_family_arm_msp432_init_Boot_disableWatchdog          
00004878  ti_sysbios_family_arm_msp432_init_Boot_enableHFXT__C            
0000487a  ti_sysbios_family_arm_msp432_init_Boot_enableLFXT__C            
00003eed  ti_sysbios_family_arm_msp432_init_Boot_init__I                  
00003dd9  ti_sysbios_family_xxx_Hwi_switchAndRunFunc                      
00003935  ti_sysbios_gates_GateHwi_Handle__label__S                       
00004459  ti_sysbios_gates_GateHwi_Instance_init__E                       
00004550  ti_sysbios_gates_GateHwi_Module__FXNS__C                        
200086d4  ti_sysbios_gates_GateHwi_Module__root__V                        
00004624  ti_sysbios_gates_GateHwi_Object__DESC__C                        
000046e4  ti_sysbios_gates_GateHwi_Object__PARAMS__C                      
00003611  ti_sysbios_gates_GateHwi_Object__create__S                      
00003d35  ti_sysbios_gates_GateHwi_Object__delete__S                      
20008730  ti_sysbios_gates_GateHwi_Object__table__V                       
00004379  ti_sysbios_gates_GateHwi_enter__E                               
00004411  ti_sysbios_gates_GateHwi_leave__E                               
00004439  ti_sysbios_gates_GateHwi_query__E                               
00003961  ti_sysbios_gates_GateMutex_Handle__label__S                     
000047e0  ti_sysbios_gates_GateMutex_Instance_State_sem__O                
000041f9  ti_sysbios_gates_GateMutex_Instance_finalize__E                 
00003e39  ti_sysbios_gates_GateMutex_Instance_init__E                     
00004574  ti_sysbios_gates_GateMutex_Module__FXNS__C                      
200086dc  ti_sysbios_gates_GateMutex_Module__root__V                      
00004644  ti_sysbios_gates_GateMutex_Object__DESC__C                      
000046fc  ti_sysbios_gates_GateMutex_Object__PARAMS__C                    
00003641  ti_sysbios_gates_GateMutex_Object__create__S                    
00003c15  ti_sysbios_gates_GateMutex_Object__delete__S                    
20008408  ti_sysbios_gates_GateMutex_Object__table__V                     
00003671  ti_sysbios_gates_GateMutex_enter__E                             
00003fb1  ti_sysbios_gates_GateMutex_leave__E                             
00004441  ti_sysbios_gates_GateMutex_query__E                             
00003f65  ti_sysbios_hal_Hwi_HwiProxy_Module__startupDone__S              
0000433d  ti_sysbios_hal_Hwi_HwiProxy_Params__init__S                     
000030b9  ti_sysbios_hal_Hwi_HwiProxy_disableInterrupt__E                 
00004349  ti_sysbios_hal_Hwi_HwiProxy_disable__E                          
00003101  ti_sysbios_hal_Hwi_HwiProxy_enableInterrupt__E                  
000031d9  ti_sysbios_hal_Hwi_HwiProxy_getStackInfo__E                     
00004409  ti_sysbios_hal_Hwi_HwiProxy_restore__E                          
000043f9  ti_sysbios_hal_Hwi_HwiProxy_startup__E                          
00004091  ti_sysbios_hal_Hwi_HwiProxy_switchFromBootStack__E              
00004111  ti_sysbios_hal_Hwi_Module_startup__E                            
000030b9  ti_sysbios_hal_Hwi_disableInterrupt__E                          
00003101  ti_sysbios_hal_Hwi_enableInterrupt__E                           
000031d9  ti_sysbios_hal_Hwi_getStackInfo__E                              
00003549  ti_sysbios_hal_Hwi_initStack                                    
000043f9  ti_sysbios_hal_Hwi_startup__E                                   
00004091  ti_sysbios_hal_Hwi_switchFromBootStack__E                       
000047e4  ti_sysbios_heaps_HeapMem_E_memory__C                            
0000398d  ti_sysbios_heaps_HeapMem_Handle__label__S                       
00003329  ti_sysbios_heaps_HeapMem_Instance_init__E                       
00003961  ti_sysbios_heaps_HeapMem_Module_GateProxy_Handle__label__S      
00001e33  ti_sysbios_heaps_HeapMem_Module_GateProxy_enter__E              
00001ecd  ti_sysbios_heaps_HeapMem_Module_GateProxy_leave__E              
00004441  ti_sysbios_heaps_HeapMem_Module_GateProxy_query__E              
00004528  ti_sysbios_heaps_HeapMem_Module__FXNS__C                        
000047e8  ti_sysbios_heaps_HeapMem_Module__gateObj__C                     
0000487c  ti_sysbios_heaps_HeapMem_Module__id__C                          
200086e4  ti_sysbios_heaps_HeapMem_Module__root__V                        
00004664  ti_sysbios_heaps_HeapMem_Object__DESC__C                        
00004598  ti_sysbios_heaps_HeapMem_Object__PARAMS__C                      
000047ec  ti_sysbios_heaps_HeapMem_Object__count__C                       
000036a1  ti_sysbios_heaps_HeapMem_Object__create__S                      
00003d55  ti_sysbios_heaps_HeapMem_Object__delete__S                      
000040a5  ti_sysbios_heaps_HeapMem_Object__get__S                         
20008684  ti_sysbios_heaps_HeapMem_Object__table__V                       
000016c9  ti_sysbios_heaps_HeapMem_alloc__E                               
000023c9  ti_sysbios_heaps_HeapMem_free__E                                
00002f79  ti_sysbios_heaps_HeapMem_getStats__E                            
00002551  ti_sysbios_heaps_HeapMem_initPrimary__I                         
00004419  ti_sysbios_heaps_HeapMem_isBlocking__E                          
000047f0  ti_sysbios_heaps_HeapMem_primaryHeapBaseAddr__C                 
[...]
00003f05  SysCtl_A_disableNMISource                                       
00003f1d  SysCtl_A_enableNMISource                                        
00003f35  _args_main                                                      
00003f4d  ti_sysbios_BIOS_rtsUnlock__I                                    
00003f65  ti_sysbios_family_arm_m3_Hwi_Module__startupDone__F             
00003f65  ti_sysbios_family_arm_m3_Hwi_Module__startupDone__S             
00003f65  ti_sysbios_hal_Hwi_HwiProxy_Module__startupDone__S              
00003f7d  ti_sysbios_family_arm_m3_TaskSupport_swap__E                    
00003f7d  ti_sysbios_knl_Task_SupportProxy_swap__E                        
00003f89  ti_sysbios_knl_Task_swapReturn                                  
00003f95  ti_sysbios_family_arm_msp432_Timer_Module__startupDone__F       
00003f95  ti_sysbios_family_arm_msp432_Timer_Module__startupDone__S       
00003f95  ti_sysbios_knl_Clock_TimerProxy_Module__startupDone__S          
00003fb1  ti_sysbios_gates_GateMutex_leave__E                             
00003fc9  ti_sysbios_knl_Task_sleepTimeout__I                             
00003fe1  xdc_runtime_Error_init__E                                       
00003ff9  xdc_runtime_System_exit__E                                      
00004011  ti_sysbios_BIOS_exitFunc__I                                     
00004029  ti_sysbios_knl_Task_unblock__E                                  
00004041  PCM_getPowerState                                               
00004055  Power_idleFunc                                                  
00004069  pthread_attr_setschedparam                                      
0000407d  ti_sysbios_family_arm_m3_Hwi_Object__get__S                     
00004091  ti_sysbios_family_arm_m3_Hwi_switchFromBootStack__E             
00004091  ti_sysbios_hal_Hwi_HwiProxy_switchFromBootStack__E              
00004091  ti_sysbios_hal_Hwi_switchFromBootStack__E                       
000040a5  ti_sysbios_heaps_HeapMem_Object__get__S                         
000040b9  ti_sysbios_knl_Swi_Object__get__S                               
000040cd  SemaphoreP_pend                                                 
000040e1  _pthread_cleanup_pop                                            
00004111  ti_sysbios_hal_Hwi_Module_startup__E                            
00004123  xdc_runtime_Startup_exec__I                                     
00004135  HwiP_Params_init                                                
00004145  PCM_gotoLPM4                                                    
00004155  PCM_setPowerMode                                                
00004165  PCM_setPowerState                                               
00004175  SysCtl_A_getNMISourceStatus                                     
00004185  SysCtl_getNMISourceStatus                                       
00004199  ti_sysbios_BIOS_exit__E                                         
000041a9  ti_sysbios_BIOS_setCpuFreq__E                                   
000041b9  ti_sysbios_BIOS_setThreadType__E                                
000041c9  ti_sysbios_BIOS_start__E                                        
000041d9  ti_sysbios_family_arm_m3_TaskSupport_glue                       
000041e9  ti_sysbios_family_arm_msp432_init_Boot_disableWatchdog          
000041f9  ti_sysbios_gates_GateMutex_Instance_finalize__E                 
00004209  ti_sysbios_knl_Mailbox_Object__get__S                           
00004219  ti_sysbios_knl_Semaphore_Instance_finalize__E                   
00004229  ti_sysbios_knl_Swi_disable__E                                   
00004239  ti_sysbios_knl_Task_Object__get__S                              
00004249  ti_sysbios_knl_Task_disable__E                                  
00004259  xdc_runtime_Gate_leaveSystem__E                                 
00004269  xdc_runtime_Memory_free__E                                      
00004279  xdc_runtime_SysCallback_abort__E                                
00004279  xdc_runtime_System_SupportProxy_abort__E                        
00004289  xdc_runtime_SysCallback_exit__E                                 
00004289  xdc_runtime_System_SupportProxy_exit__E                         
00004299  __TI_decompress_none                                            
000042a9  pthread_attr_setdetachstate                                     
000042b9  ti_sysbios_knl_Idle_loop__E                                     
000042c9  ti_sysbios_knl_Queue_empty__E                                   
000042d7  Board_init                                                      
000042e3  CPU_cpsid                                                       
000042ef  CPU_cpsie                                                       
000042fd  Power_getConstraintMask                                         
00004309  SemaphoreP_delete                                               
00004315  _register_lock                                                  
00004321  _register_unlock                                                
00004331  pthread_self                                                    
0000433d  ti_sysbios_family_arm_m3_Hwi_Params__init__S                    
0000433d  ti_sysbios_hal_Hwi_HwiProxy_Params__init__S                     
00004349  ti_sysbios_family_arm_m3_Hwi_disableFxn__E                      
00004349  ti_sysbios_hal_Hwi_HwiProxy_disable__E                          
00004359  ti_sysbios_family_arm_m3_TaskSupport_getStackAlignment__E       
00004359  ti_sysbios_knl_Task_SupportProxy_getStackAlignment__E           
00004369  ti_sysbios_family_arm_msp432_Timer_getMaxTicks__E               
00004379  ti_sysbios_gates_GateHwi_enter__E                               
00004385  ti_sysbios_knl_Queue_Object__get__S                             
00004391  ti_sysbios_knl_Semaphore_Params__init__S                        
0000439d  ti_sysbios_knl_Task_Params__init__S                             
000043a9  ti_sysbios_rts_ti_ReentSupport_taskRegHook__I                   
000043b9  xdc_runtime_Gate_enterSystem__E                                 
000043c9  xdc_runtime_Startup_rtsDone__E                                  
000043d5  xdc_runtime_Memory_HeapProxy_alloc__E                           
000043df  xdc_runtime_Memory_HeapProxy_free__E                            
000043e9  pthread_attr_setstacksize                                       
000043f1  ti_sysbios_family_arm_m3_Hwi_doSwiRestore__I                    
000043f9  ti_sysbios_family_arm_m3_Hwi_startup__E                         
000043f9  ti_sysbios_hal_Hwi_HwiProxy_startup__E                          
000043f9  ti_sysbios_hal_Hwi_startup__E                                   
00004401  ti_sysbios_family_arm_m3_Hwi_doTaskRestore__I                   
00004409  HwiP_restore                                                    
00004409  ti_sysbios_family_arm_m3_Hwi_restoreFxn__E                      
00004409  ti_sysbios_hal_Hwi_HwiProxy_restore__E                          
00004411  ti_sysbios_gates_GateHwi_leave__E                               
00004419  ti_sysbios_heaps_HeapMem_isBlocking__E                          
00004421  ti_sysbios_knl_Queue_Instance_init__E                           
00004429  ti_sysbios_knl_Swi_startup__E                                   
00004431  xdc_runtime_System_Module_startup__E                            
00004439  ti_sysbios_gates_GateHwi_query__E                               
00004439  xdc_runtime_Main_Module_GateProxy_query__E                      
00004439  xdc_runtime_System_Module_GateProxy_query__E                    
00004441  ti_sysbios_BIOS_RtsGateProxy_query__E                           
00004441  ti_sysbios_gates_GateMutex_query__E                             
00004441  ti_sysbios_heaps_HeapMem_Module_GateProxy_query__E              
00004449  ti_sysbios_knl_Task_startup__E                                  
00004451  ti_sysbios_BIOS_linkedWithIncorrectBootLibrary__E               
00004459  ti_sysbios_gates_GateHwi_Instance_init__E                       
00004461  ti_sysbios_knl_Clock_logTick__E                                 
00004469  xdc_runtime_SysCallback_defaultAbort                            
00004471  xdc_runtime_SysCallback_defaultExit                             
00004479  xdc_runtime_System_abortSpin__E                                 
00004481  xdc_runtime_System_exitSpin__E                                  
00004484  ti_sysbios_knl_Task_Object__PARAMS__C                           
000044c0  PowerMSP432_config                                              
000044f8  ti_sysbios_family_arm_m3_Hwi_Object__PARAMS__C                  
00004528  ti_sysbios_heaps_HeapMem_Module__FXNS__C                        
00004550  ti_sysbios_gates_GateHwi_Module__FXNS__C                        
00004574  ti_sysbios_gates_GateMutex_Module__FXNS__C                      
00004598  ti_sysbios_heaps_HeapMem_Object__PARAMS__C                      
000045bc  ti_sysbios_knl_Semaphore_Object__PARAMS__C                      
000045e0  xdc_runtime_Startup_sfxnTab__A                                  
00004604  ti_sysbios_family_arm_m3_Hwi_Object__DESC__C                    
00004624  ti_sysbios_gates_GateHwi_Object__DESC__C                        
00004644  ti_sysbios_gates_GateMutex_Object__DESC__C                      
00004664  ti_sysbios_heaps_HeapMem_Object__DESC__C                        
00004684  ti_sysbios_knl_Queue_Object__DESC__C                            
000046a4  ti_sysbios_knl_Semaphore_Object__DESC__C                        
000046c4  ti_sysbios_knl_Task_Object__DESC__C                             
000046e4  ti_sysbios_gates_GateHwi_Object__PARAMS__C                      
000046fc  ti_sysbios_gates_GateMutex_Object__PARAMS__C                    
00004714  ti_sysbios_knl_Queue_Object__PARAMS__C                          
0000472c  ti_sysbios_knl_Task_hooks__A                                    
00004744  GPIOMSP432_config                                               
00004758  xdc_runtime_Startup_sfxnRts__A                                  
0000476a  ti_sysbios_family_arm_m3_Hwi_Module__id__C                      
0000476c  xdc_runtime_Startup_firstFxns__A                                
00004778  ti_sysbios_knl_Idle_funcList__A                                 
00004780  ti_sysbios_knl_Idle_funcList__C                                 
00004788  ti_sysbios_knl_Task_hooks__C                                    
00004790  xdc_runtime_Startup_firstFxns__C                                
00004798  xdc_runtime_Startup_lastFxns__C                                 
000047ac  ti_sysbios_family_arm_m3_Hwi_E_alreadyDefined__C                
000047b0  ti_sysbios_family_arm_m3_Hwi_E_badIntNum__C                     
000047b4  ti_sysbios_family_arm_m3_Hwi_NUM_INTERRUPTS__C                  
000047b8  ti_sysbios_family_arm_m3_Hwi_Object__count__C                   
000047bc  ti_sysbios_family_arm_m3_Hwi_ccr__C                             
000047c0  ti_sysbios_family_arm_m3_Hwi_excHandlerFunc__C                  
000047c4  ti_sysbios_family_arm_m3_Hwi_nullIsrFunc__C                     
000047c8  ti_sysbios_family_arm_m3_Hwi_priGroup__C                        
000047cc  ti_sysbios_family_arm_m3_Hwi_swiDisable__C                      
000047d0  ti_sysbios_family_arm_m3_Hwi_swiRestore__C                      
000047d4  ti_sysbios_family_arm_m3_TaskSupport_stackAlignment__C          
000047d8  ti_sysbios_family_arm_msp432_Timer_numTimerDevices__C           
000047dc  ti_sysbios_family_arm_msp432_Timer_startupNeeded__C             
000047e0  ti_sysbios_gates_GateMutex_Instance_State_sem__O                
000047e4  ti_sysbios_heaps_HeapMem_E_memory__C                            
000047e8  ti_sysbios_heaps_HeapMem_Module__gateObj__C                     
000047ec  ti_sysbios_heaps_HeapMem_Object__count__C                       
000047f0  ti_sysbios_heaps_HeapMem_primaryHeapBaseAddr__C                 
000047f4  ti_sysbios_heaps_HeapMem_primaryHeapEndAddr__C                  
000047f8  ti_sysbios_heaps_HeapMem_reqAlign__C                            
000047fc  ti_sysbios_knl_Clock_Module_State_clockQ__O                     
00004800  ti_sysbios_knl_Clock_tickPeriod__C                              
00004804  ti_sysbios_knl_Mailbox_Instance_State_freeQue__O                
00004808  ti_sysbios_knl_Mailbox_Object__count__C                         
0000480c  ti_sysbios_knl_Mailbox_maxTypeAlign__C                          
00004810  ti_sysbios_knl_Semaphore_Instance_State_pendQ__O                
00004814  ti_sysbios_knl_Swi_Object__count__C                             
00004818  ti_sysbios_knl_Task_Module_State_inactiveQ__O                   
0000481c  ti_sysbios_knl_Task_Object__count__C                            
00004820  ti_sysbios_knl_Task_Object__heap__C                             
00004824  ti_sysbios_knl_Task_allBlockedFunc__C                           
00004828  ti_sysbios_knl_Task_defaultStackHeap__C                         
0000482c  ti_sysbios_knl_Task_defaultStackSize__C                         
00004830  ti_sysbios_knl_Task_numConstructedTasks__C                      
00004834  xdc_runtime_Error_E_memory__C                                   
00004838  xdc_runtime_Error_policyFxn__C                                  
0000483c  xdc_runtime_IGateProvider_Interface__BASE__C                    
00004840  xdc_runtime_IHeap_Interface__BASE__C                            
00004844  xdc_runtime_IModule_Interface__BASE__C                          
00004848  xdc_runtime_Memory_defaultHeapInstance__C                       
0000484c  xdc_runtime_Startup_execImpl__C                                 
00004850  xdc_runtime_Startup_maxPasses__C                                
00004854  xdc_runtime_Startup_sfxnRts__C                                  
00004858  xdc_runtime_Startup_sfxnTab__C                                  
0000485c  xdc_runtime_SysCallback_abortFxn__C                             
00004860  xdc_runtime_SysCallback_exitFxn__C                              
00004864  xdc_runtime_System_Module__gateObj__C                           
00004868  xdc_runtime_System_abortFxn__C                                  
0000486c  xdc_runtime_System_exitFxn__C                                   
00004870  xdc_runtime_System_maxAtexitHandlers__C                         
00004874  ti_sysbios_family_arm_msp432_init_Boot_bypassHFXT__C            
00004876  ti_sysbios_family_arm_msp432_init_Boot_bypassLFXT__C            
00004878  ti_sysbios_family_arm_msp432_init_Boot_enableHFXT__C            
0000487a  ti_sysbios_family_arm_msp432_init_Boot_enableLFXT__C            
0000487c  ti_sysbios_heaps_HeapMem_Module__id__C                          
0000487e  xdc_runtime_Memory_Module__id__C                                
00004880  xdc_runtime_Error_policy__C                                     
00004888  __TI_static_base__                                              
00004a94  __TI_Handler_Table_Base                                         
00004aa0  __TI_Handler_Table_Limit                                        
00004aa8  __TI_CINIT_Base                                                 
00004ab8  __TI_CINIT_Limit                                                
00008000  HEAPSIZE                                                        
20000000  __start___llvm_prf_cnts                                         
20000000  __stop___llvm_prf_cnts                                          
20000000  ti_sysbios_family_arm_m3_Hwi_ramVectors                         
20000140  __primary_heap_start__                                          
20008140  PowerMSP432_perfLevels                                          
20008140  __primary_heap_end__                                            
20008308  ti_sysbios_knl_Swi_Module_State_0_readyQ__A                     
20008388  ti_sysbios_knl_Task_Module_State_0_readyQ__A                    
20008408  ti_sysbios_gates_GateMutex_Object__table__V                     
2000845c  ti_sysbios_knl_Task_Object__table__V                            
200084a8  ti_sysbios_family_arm_msp432_Timer_Object__table__V             
200084ec  ti_sysbios_knl_Task_Module__state__V                            
20008530  ti_sysbios_family_arm_m3_Hwi_Module__state__V                   
20008564  ti_sysbios_knl_Swi_Object__table__V                             
20008594  PowerMSP432_module                                              
200085c0  ti_sysbios_knl_Clock_Module__state__V                           
200085ec  ti_sysbios_BIOS_Module__state__V                                
20008610  ti_sysbios_family_arm_msp432_Timer_Module_State_0_device__A     
20008630  xdc_runtime_Error_IgnoreBlock                                   
20008650  ti_sysbios_knl_Swi_Module__state__V                             
2000866c  ti_sysbios_family_arm_m3_Hwi_Object__table__V                   
20008684  ti_sysbios_heaps_HeapMem_Object__table__V                       
2000869c  ti_sysbios_family_arm_msp432_Timer_Module_State_0_handles__A    
200086ac  ti_sysbios_family_arm_msp432_ClockFreqs_Module__state__V        
200086b8  ti_sysbios_family_arm_msp432_Timer_Module__state__V             
200086c4  _lock                                                           
200086c8  _unlock                                                         
200086cc  ti_sysbios_family_arm_m3_Hwi_Module__root__V                    
200086d4  ti_sysbios_gates_GateHwi_Module__root__V                        
200086dc  ti_sysbios_gates_GateMutex_Module__root__V                      
200086e4  ti_sysbios_heaps_HeapMem_Module__root__V                        
200086ec  ti_sysbios_knl_Queue_Module__root__V                            
200086f4  ti_sysbios_knl_Semaphore_Module__root__V                        
200086fc  ti_sysbios_knl_Task_Module__root__V                             
20008704  xdc_runtime_Startup_Module__state__V                            
2000870c  xdc_runtime_System_Module_State_0_atexitHandlers__A             
20008714  xdc_runtime_System_Module__state__V                             
2000871c  gpioCallbackFunctions                                           
20008720  gpioPinConfigs                                                  
20008724  main_func_sp                                                    
20008728  ti_sysbios_family_arm_m3_Hwi_Module_State_0_excContext__A       
2000872c  ti_sysbios_family_arm_m3_Hwi_Module_State_0_excStack__A         
20008730  ti_sysbios_gates_GateHwi_Object__table__V                       
20008734  ti_sysbios_knl_Task_Module_State_0_idleTask__A                  
20008738  ti_sysbios_rts_ti_ReentSupport_Module__state__V                 
2000873c  xdc_runtime_Memory_Module__state__V                             
20008742  ti_sysbios_family_arm_m3_Hwi_Module_State_0_excActive__A        
20008748  ti_sysbios_knl_Task_Instance_State_0_stack__A                   
20008948  ti_sysbios_family_arm_m3_Hwi_dispatchTable                      
20008ac4  ti_sysbios_knl_Task_Instance_State_0_hookEnv__A                 
2000fc00  __stack                                                         
20010000  __STACK_END                                                     
4000480c  WDTCTL_SYM                                                      
e000e000  ti_sysbios_family_arm_m3_Hwi_nvic                               
ffffffff  __TI_pprof_out_hndl                                             
ffffffff  __TI_prof_data_size                                             
ffffffff  __TI_prof_data_start                                            
ffffffff  __binit__                                                       
ffffffff  __c_args__                                                      
ffffffff  binit                                                           
UNDEFED   SHT$$INIT_ARRAY$$Base                                           
UNDEFED   SHT$$INIT_ARRAY$$Limit                                          

[465 symbols]
